---
source: crates/topos/tests/node.rs
expression: result
---
12D3KooWRhFCXBhmsMnur3up3vJsDoqWh4c39PKXgSWwzAzDHNLn

